Last login: Thu Apr 27 22:09:18 on ttys001
Akshays-MacBook-Pro-2:src akshay$ ping 188.166.213.229
PING 188.166.213.229 (188.166.213.229): 56 data bytes
ping: sendto: No route to host
ping: sendto: No route to host
Request timeout for icmp_seq 0
^C
--- 188.166.213.229 ping statistics ---
2 packets transmitted, 0 packets received, 100.0% packet loss
Akshays-MacBook-Pro-2:src akshay$ 
Akshays-MacBook-Pro-2:src akshay$ 
Akshays-MacBook-Pro-2:src akshay$ ping 188.166.213.229
PING 188.166.213.229 (188.166.213.229): 56 data bytes
64 bytes from 188.166.213.229: icmp_seq=0 ttl=53 time=6.016 ms
64 bytes from 188.166.213.229: icmp_seq=1 ttl=53 time=5.265 ms
^C
--- 188.166.213.229 ping statistics ---
2 packets transmitted, 2 packets received, 0.0% packet loss
round-trip min/avg/max/stddev = 5.265/5.640/6.016/0.376 ms
(reverse-i-search)`ss': ninja -C out/Default chrome | less
Akshays-MacBook-Pro-2:src akshay$ 
Akshays-MacBook-Pro-2:src akshay$ ssh root@188.166.213.229
Welcome to Ubuntu 16.04.2 LTS (GNU/Linux 4.4.0-63-generic x86_64)

 * Documentation:  https://help.ubuntu.com
 * Management:     https://landscape.canonical.com
 * Support:        https://ubuntu.com/advantage

  Get cloud support with Ubuntu Advantage Cloud Guest:
    http://www.ubuntu.com/business/services/cloud

55 packages can be updated.
0 updates are security updates.


*** System restart required ***
-------------------------------------------------------------------------------
Thank you for using DigitalOcean's LAMP Application.

LAMP has now been enabled. You can access your LAMP instance at:
Your web root is located at /var/www/html and can be seen from
    http://188.166.213.229

The details of your PHP installation can be seen at
    http://188.166.213.229/info.php

The "ufw" firewall is enabled. All ports except for 22, 80, and 443 are BLOCKED

You are encouraged to run 'mysql_secure_installation' to ready your server for
production. The passwords for MySQL have been saved to:
  /root/.digitalocean_password

Let's Encrypt has been pre-installed for you. If you have a domain name, and
you will be using it with this 1-Click app, please see: http://do.co/le-apache

-------------------------------------------------------------------------------

You can learn more about using this image here: http://do.co/lamp

-------------------------------------------------------------------------------
To delete this message of the day: rm -rf /etc/update-motd.d/99-one-click
Last login: Fri Apr 28 09:10:59 2017 from 137.132.228.38
root@integrity-guard-keystore:~# less /var/log/apache2/access.log
root@integrity-guard-keystore:~# vim integrity-guard-api.conf 
root@integrity-guard-keystore:~# cd /etc/
root@integrity-guard-keystore:/etc# ls
NetworkManager  bash.bashrc             cron.monthly    fail2ban     hosts.allow      kernel           logrotate.conf  modprobe.d        overlayroot.local.conf   protocols  resolv.conf   skel         ucf.conf
X11             bash_completion         cron.weekly     fonts        hosts.deny       kernel-img.conf  logrotate.d     modules           pam.conf                 python     resolvconf    sos.conf     udev
acpi            bash_completion.d       crontab         fstab        init             ld.so.cache      lsb-release     modules-load.d    pam.d                    python2.7  rmt           ssh          ufw
adduser.conf    bindresvport.blacklist  crypttab        fuse.conf    init.d           ld.so.conf       ltrace.conf     monit             passwd                   python3    rpc           ssl          update-manager
aliases         binfmt.d                dbus-1          gai.conf     initramfs-tools  ld.so.conf.d     lvm             mtab              perl                     python3.5  rsyslog.conf  subgid       update-motd.d
aliases.db      byobu                   debconf.conf    groff        inputrc          ldap             machine-id      mysql             php                      rc.local   rsyslog.d     subuid       update-notifier
alternatives    ca-certificates         debian_version  group        insserv          legal            magic           nanorc            pm                       rc0.d      screenrc      sudoers      updatedb.conf
apache2         ca-certificates.conf    default         grub.d       insserv.conf     letsencrypt      magic.mime      network           polkit-1                 rc1.d      securetty     sudoers.d    vim
apm             calendar                deluser.conf    gshadow      insserv.conf.d   libaudit.conf    mailcap         networks          pollinate                rc2.d      security      sysctl.conf  vmware-tools
apparmor        cloud                   depmod.d        gss          iproute2         locale.alias     mailcap.order   newt              popularity-contest.conf  rc3.d      selinux       sysctl.d     vtrgb
apparmor.d      console-setup           dhcp            hdparm.conf  iscsi            locale.gen       manpath.config  nsswitch.conf     postfix                  rc4.d      services      systemd      wgetrc
apport          cron.d                  dpkg            host.conf    issue            localtime        mdadm           opt               ppp                      rc5.d      sgml          terminfo     xdg
apt             cron.daily              ec2_version     hostname     issue.net        logcheck         mime.types      os-release        profile                  rc6.d      shadow        timezone     xml
at.deny         cron.hourly             environment     hosts        kbd              login.defs       mke2fs.conf     overlayroot.conf  profile.d                rcS.d      shells        tmpfiles.d   zsh_command_not_found
(reverse-i-search)`etc': sudo nano /^Cc/apache2/sites-available/000-default.conf
root@integrity-guard-keystore:/etc# cd ap
apache2/    apm/        apparmor/   apparmor.d/ apport/     apt/        
root@integrity-guard-keystore:/etc# cd ap
apache2/    apm/        apparmor/   apparmor.d/ apport/     apt/        
root@integrity-guard-keystore:/etc# cd apache2/
root@integrity-guard-keystore:/etc/apache2# ls
apache2.conf  conf-available  conf-enabled  envvars  magic  mods-available  mods-enabled  ports.conf  sites-available  sites-enabled
root@integrity-guard-keystore:/etc/apache2# cd conf-
conf-available/ conf-enabled/   
root@integrity-guard-keystore:/etc/apache2# cd conf-enabled/
root@integrity-guard-keystore:/etc/apache2/conf-enabled# cd conf-enabled/^C
root@integrity-guard-keystore:/etc/apache2/conf-enabled# ls
charset.conf  localized-error-pages.conf  other-vhosts-access-log.conf  security.conf  serve-cgi-bin.conf  ssl-params.conf
root@integrity-guard-keystore:/etc/apache2/conf-enabled# cd..
lcd..: command not found
root@integrity-guard-keystore:/etc/apache2/conf-enabled# ls
charset.conf  localized-error-pages.conf  other-vhosts-access-log.conf  security.conf  serve-cgi-bin.conf  ssl-params.conf
root@integrity-guard-keystore:/etc/apache2/conf-enabled# cd..
cd..: command not found
root@integrity-guard-keystore:/etc/apache2/conf-enabled# cd ..
root@integrity-guard-keystore:/etc/apache2# ls
apache2.conf  conf-available  conf-enabled  envvars  magic  mods-available  mods-enabled  ports.conf  sites-available  sites-enabled
root@integrity-guard-keystore:/etc/apache2# cd ..
root@integrity-guard-keystore:/etc# cd ap
apache2/    apm/        apparmor/   apparmor.d/ apport/     apt/        
root@integrity-guard-keystore:/etc# cd ap
apache2/    apm/        apparmor/   apparmor.d/ apport/     apt/        
root@integrity-guard-keystore:/etc# cd apache2/
root@integrity-guard-keystore:/etc/apache2# ls
apache2.conf  conf-available  conf-enabled  envvars  magic  mods-available  mods-enabled  ports.conf  sites-available  sites-enabled
root@integrity-guard-keystore:/etc/apache2# cd sites-
sites-available/ sites-enabled/   
root@integrity-guard-keystore:/etc/apache2# cd sites-
sites-available/ sites-enabled/   
root@integrity-guard-keystore:/etc/apache2# cd sites-enabled/
root@integrity-guard-keystore:/etc/apache2/sites-enabled# ls
000-default.conf  000-default.conf.back  default-ssl.conf
root@integrity-guard-keystore:/etc/apache2/sites-enabled# less default-ssl.conf 
root@integrity-guard-keystore:/etc/apache2/sites-enabled# cd ..
root@integrity-guard-keystore:/etc/apache2# ls
apache2.conf  conf-available  conf-enabled  envvars  magic  mods-available  mods-enabled  ports.conf  sites-available  sites-enabled
root@integrity-guard-keystore:/etc/apache2# cd sites-
sites-available/ sites-enabled/   
root@integrity-guard-keystore:/etc/apache2# cd sites-enabled/
root@integrity-guard-keystore:/etc/apache2/sites-enabled# ls
000-default.conf  000-default.conf.back  default-ssl.conf
root@integrity-guard-keystore:/etc/apache2/sites-enabled# cd 000-^C
root@integrity-guard-keystore:/etc/apache2/sites-enabled# less 000-default.conf
root@integrity-guard-keystore:/etc/apache2/sites-enabled# ls
000-default.conf  000-default.conf.back  default-ssl.conf
root@integrity-guard-keystore:/etc/apache2/sites-enabled# less default-ssl.conf 
root@integrity-guard-keystore:/etc/apache2/sites-enabled# less default-ssl.conf 

                #        file needs this password: `xxj31ZMTZzkVA'.
                #   o ExportCertData:
                #        This exports two additional environment variables: SSL_CLIENT_CERT and
                #        SSL_SERVER_CERT. These contain the PEM-encoded certificates of the
                #        server (always existing) and the client (only existing when client
                #        authentication is used). This can be used to import the certificates
                #        into CGI scripts.
                #   o StdEnvVars:
                #        This exports the standard SSL/TLS related `SSL_*' environment variables.
                #        Per default this exportation is switched off for performance reasons,
                #        because the extraction step is an expensive operation and is usually
                #        useless for serving static content. So one usually enables the
                #        exportation for CGI and SSI requests only.
                #   o OptRenegotiate:
                #        This enables optimized SSL connection renegotiation handling when SSL
                #        directives are used in per-directory context.
                #SSLOptions +FakeBasicAuth +ExportCertData +StrictRequire
                <FilesMatch "\.(cgi|shtml|phtml|php)$">
                                SSLOptions +StdEnvVars
                </FilesMatch>
                <Directory /usr/lib/cgi-bin>
                                SSLOptions +StdEnvVars
                </Directory>

                #   SSL Protocol Adjustments:
                #   The safe and default but still SSL/TLS standard compliant shutdown
                #   approach is that mod_ssl sends the close notify alert but doesn't wait for
                #   the close notify alert from client. When you need a different shutdown
                #   approach you can use one of the following variables:
                #   o ssl-unclean-shutdown:
                #        This forces an unclean shutdown when the connection is closed, i.e. no
                #        SSL close notify alert is send or allowed to received.  This violates
                #        the SSL/TLS standard but is needed for some brain-dead browsers. Use
                #        this when you receive I/O errors because of the standard approach where
                #        mod_ssl sends the close notify alert.
                #   o ssl-accurate-shutdown:
                #        This forces an accurate shutdown when the connection is closed, i.e. a
                #        SSL close notify alert is send and mod_ssl waits for the close notify
                #        alert of the client. This is 100% SSL/TLS standard compliant, but in
                #        practice often causes hanging connections with brain-dead browsers. Use
                #        this only for browsers where you know that their SSL implementation
                #        works correctly.
                #   Notice: Most problems of broken clients are also related to the HTTP
                #   keep-alive facility, so you usually additionally want to disable
                #   keep-alive for those clients, too. Use variable "nokeepalive" for this.
                #   Similarly, one has to force some clients to use HTTP/1.0 to workaround
                #   their broken HTTP/1.1 implementation. Use variables "downgrade-1.0" and
                #   "force-response-1.0" for this.
                BrowserMatch "MSIE [2-6]" \
                                nokeepalive ssl-unclean-shutdown \
                                downgrade-1.0 force-response-1.0

ServerAlias untampered-keys.ga
        </VirtualHost>
</IfModule>
